<?xml version="1.0" encoding="utf-8"?><testsuite errors="0" failures="0" name="pytest" skipped="0" tests="4" time="0.224"><testcase classname="test.test_formater.TestFormater" file="test/test_formater.py" line="5" name="test_plain_lowercase" time="0.003"></testcase><testcase classname="test.test_views.FlaskrTestCase" file="test/test_views.py" line="14" name="test_msg_with_output" time="0.019"></testcase><testcase classname="test.test_views.FlaskrTestCase" file="test/test_views.py" line="19" name="test_msg_with_output_json" time="0.003"></testcase><testcase classname="test.test_views.FlaskrTestCase" file="test/test_views.py" line="10" name="test_outputs" time="0.002"></testcase></testsuite>